// Jest Snapshot v1, https://goo.gl/fbAQLP

exports[`textarea 以前のスナップショットと一致しているか 1`] = `
.c0 {
  display: -webkit-inline-box;
  display: -webkit-inline-flex;
  display: -ms-inline-flexbox;
  display: inline-flex;
  -webkit-flex-direction: column;
  -ms-flex-direction: column;
  flex-direction: column;
}

.c1 {
  display: block;
  border: 1px solid rgb(234,234,234);
  border-radius: 6px;
  width: 100%;
  padding: 8px;
  margin-top: 4px;
  font-size: 14px;
  resize: none;
  outline: none;
  color: rgb(51,51,51);
  background-color: inherit;
}

.c1::-webkit-input-placeholder {
  color: rgb(214,214,214);
}

.c1::-moz-placeholder {
  color: rgb(214,214,214);
}

.c1:-ms-input-placeholder {
  color: rgb(214,214,214);
}

.c1::placeholder {
  color: rgb(214,214,214);
}

.c1:focus {
  border-color: rgb(114,206,92);
}

<ThemeProvider
  theme={
    Object {
      "colors": Object {
        "grayScale": Object {
          "S0": "rgb(255, 255, 255)",
          "S10": "rgb(234, 234, 234)",
          "S100": "rgb(51, 51, 51)",
          "S20": "rgb(214, 214, 214)",
          "S30": "rgb(193, 193, 193)",
          "S40": "rgb(173, 173, 173)",
          "S5": "rgb(245, 245, 245)",
          "S50": "rgb(153, 153, 153)",
          "S60": "rgb(133, 133, 133)",
          "S70": "rgb(112, 112, 112)",
          "S80": "rgb(92, 92, 92)",
          "S90": "rgb(71, 71, 71)",
        },
        "primary": Object {
          "N20": "rgb(92, 92, 92)",
          "N40": "rgb(133, 133, 133)",
          "N60": "rgb(173, 173, 173)",
          "N80": "rgb(214, 214, 214)",
          "N95": "rgb(245, 245, 245)",
          "P20": "rgb(41, 41, 41)",
          "P40": "rgb(31, 31, 31)",
          "P60": "rgb(20, 20, 20)",
          "P80": "rgb(10, 10, 10)",
          "P95": "rgb(0, 0, 0)",
          "default": "rgb(51, 51, 51)",
        },
        "text": Object {
          "default": "#333",
        },
        "utilities": Object {
          "blue": "rgb(48, 120, 191)",
          "highlightGreen": Object {
            "N20": "rgb(142, 216, 125)",
            "N40": "rgb(170, 226, 157)",
            "N60": "rgb(199, 235, 190)",
            "N80": "rgb(227, 245, 222)",
            "N90": "rgb(240, 250, 238)",
            "N95": "rgb(248, 252, 247)",
            "P20": "rgb(68, 123, 55)",
            "P40": "rgb(91, 164, 73)",
            "P60": "rgb(114, 206, 92)",
            "default": "rgb(114, 206, 92)",
          },
          "paleBlue": "rgb(245, 249, 252)",
          "paleGreen": "rgb(248 ,252, 247)",
          "paleRed": "rgb(253, 246, 246)",
          "paleYellow": "rgb(255, 255, 233)",
          "red": Object {
            "N20": "rgb(230, 119, 109)",
            "N40": "rgb(236, 153, 145)",
            "N60": "rgb(243, 187, 182)",
            "N80": "rgb(249, 221, 218)",
            "N90": "rgb(251, 238, 236)",
            "N95": "rgb(253, 246, 246)",
            "P20": "rgb(179, 68, 57)",
            "P40": "rgb(134, 51, 43)",
            "P60": "rgb(89, 34, 28)",
            "default": "rgb(224, 85, 72)",
          },
        },
      },
      "shadows": Object {
        "boxShadow": Object {
          "L1": "0 0 2px 0 rgba(0, 0, 0, 0.16)",
          "L2": "0 1px 3px 0 rgba(0, 0, 0, 0.16)",
          "L3": "0 2px 5px 0 rgba(0, 0, 0, 0.16)",
          "L4": "0 3px 8px 0 rgba(0, 0, 0, 0.16)",
          "L5": "0 5px 11px 0 rgba(0, 0, 0, 0.16)",
        },
        "dropShadow": Object {
          "L1": "0 0 2px rgba(0, 0, 0, 0.16)",
          "L2": "0 1px 3px rgba(0, 0, 0, 0.16)",
          "L3": "0 2px 5px rgba(0, 0, 0, 0.16)",
          "L4": "0 3px 8px rgba(0, 0, 0, 0.16)",
          "L5": "0 5px 11px rgba(0, 0, 0, 0.16)",
        },
      },
      "typography": Object {
        "pc": Object {
          "body": Object {
            "L": "16px",
            "S": "12px",
            "XL": "18px",
            "default": "14px",
          },
          "heading": Object {
            "H1": "24px",
            "H2": "22px",
            "H3": "20px",
            "H4": "18px",
            "H5": "16px",
            "H6": "14px",
          },
        },
        "sp": Object {
          "body": Object {
            "L": "16px",
            "S": "12px",
            "XL": "18px",
            "default": "14px",
          },
          "heading": Object {
            "H1": "24px",
            "H2": "22px",
            "H3": "20px",
            "H4": "18px",
            "H5": "16px",
            "H6": "14px",
          },
        },
      },
    }
  }
>
  <Textarea
    onBlur={[MockFunction]}
    onChange={[MockFunction]}
    onFocus={[MockFunction]}
    value="Testing Value"
  >
    <styled.div>
      <div
        className="c0"
      >
        <Styled(TextareaAutosize)
          onBlur={[MockFunction]}
          onChange={[Function]}
          onFocus={[MockFunction]}
          value="Testing Value"
        >
          <TextareaAutosize
            className="c1"
            inputRef={[Function]}
            onBlur={[MockFunction]}
            onChange={[Function]}
            onFocus={[MockFunction]}
            onHeightChange={[Function]}
            useCacheForDOMMeasurements={false}
            value="Testing Value"
          >
            <textarea
              className="c1"
              onBlur={[MockFunction]}
              onChange={[Function]}
              onFocus={[MockFunction]}
              style={
                Object {
                  "height": 0,
                }
              }
              value="Testing Value"
            />
          </TextareaAutosize>
        </Styled(TextareaAutosize)>
        <FormErrorMessage />
      </div>
    </styled.div>
  </Textarea>
</ThemeProvider>
`;
